0.00s - Debugger warning: It seems that frozen modules are being used, which may
0.00s - make the debugger miss breakpoints. Please pass -Xfrozen_modules=off
0.00s - to python to disable frozen modules.
0.00s - Note: Debugging will proceed. Set PYDEVD_DISABLE_FILE_VALIDATION=1 to disable this validation.
0.00s - Debugger warning: It seems that frozen modules are being used, which may
0.00s - make the debugger miss breakpoints. Please pass -Xfrozen_modules=off
0.00s - to python to disable frozen modules.
0.00s - Note: Debugging will proceed. Set PYDEVD_DISABLE_FILE_VALIDATION=1 to disable this validation.
Tesla P100-PCIE-16GB, 16384 MiB
['benchmarks', 'so33', 'so3c', 'tests']
/tmp/ipykernel_22/1702864559.py:3: DeprecationWarning: Python 3.14 will, by default, filter extracted tar archives and reject files or modify their metadata. Use the filter argument to control this behavior.
  tarfile.open(fileobj=io.BytesIO(base64.b64decode(CODE_B64)), mode="r:gz").extractall("/kaggle/working/repo")

/tmp/ipykernel_22/1702864559.py:3: DeprecationWarning: Python 3.14 will, by default, filter extracted tar archives and reject files or modify their metadata. Use the filter argument to control this behavior.
  tarfile.open(fileobj=io.BytesIO(base64.b64decode(CODE_B64)), mode="r:gz").extractall("/kaggle/working/repo")
/usr/local/lib/python3.12/dist-packages/torch/cuda/__init__.py:435: UserWarning: 
    Found GPU0 Tesla P100-PCIE-16GB which is of cuda capability 6.0.
    Minimum and Maximum cuda capability supported by this version of PyTorch is
    (7.0) - (12.0)
    
  queued_call()
/usr/local/lib/python3.12/dist-packages/torch/cuda/__init__.py:435: UserWarning: 
    Please install PyTorch with a following CUDA
    configurations:  12.6 following instructions at
    https://pytorch.org/get-started/locally/
    
  queued_call()
/usr/local/lib/python3.12/dist-packages/torch/cuda/__init__.py:435: UserWarning: 
Tesla P100-PCIE-16GB with CUDA capability sm_60 is not compatible with the current PyTorch installation.
The current PyTorch install supports CUDA capabilities sm_70 sm_75 sm_80 sm_86 sm_90 sm_100 sm_120.
If you want to use the Tesla P100-PCIE-16GB GPU with PyTorch, please check the instructions at https://pytorch.org/get-started/locally/

  queued_call()

/usr/local/lib/python3.12/dist-packages/torch/cuda/__init__.py:435: UserWarning: 
    Found GPU0 Tesla P100-PCIE-16GB which is of cuda capability 6.0.
    Minimum and Maximum cuda capability supported by this version of PyTorch is
    (7.0) - (12.0)
    
  queued_call()
/usr/local/lib/python3.12/dist-packages/torch/cuda/__init__.py:435: UserWarning: 
    Please install PyTorch with a following CUDA
    configurations:  12.6 following instructions at
    https://pytorch.org/get-started/locally/
    
  queued_call()
/usr/local/lib/python3.12/dist-packages/torch/cuda/__init__.py:435: UserWarning: 
Tesla P100-PCIE-16GB with CUDA capability sm_60 is not compatible with the current PyTorch installation.
The current PyTorch install supports CUDA capabilities sm_70 sm_75 sm_80 sm_86 sm_90 sm_100 sm_120.
If you want to use the Tesla P100-PCIE-16GB GPU with PyTorch, please check the instructions at https://pytorch.org/get-started/locally/

  queued_call()
torch 2.10.0+cu128 lacks sm_60 - installing a compatible build
pip rc 0 in 153 s
data: /kaggle/input/notebooks/nsanya/so3c-data-prep-k-128/data | stored K = 128
=== c16 ===
[top_tagging_canonical] top_tagging_constituents(k=32,norm=global,split=canonical) | features=4 classes=2 | train=400000 val=403000 test=404000
[top_tagging_canonical] so3c_message_set (equivariant_set) | train ...
   val_acc=0.930  test_acc=0.931 auc=0.981 1/eB@0.3=811  (4469.3s)

=== k128_dense ===
[top_tagging_canonical] top_tagging_constituents(k=128,norm=global,split=canonical) | features=4 classes=2 | train=100000 val=403000 test=404000
[top_tagging_canonical] so3c_message_set (equivariant_set) | train ...
   val_acc=0.912  test_acc=0.913 auc=0.967 1/eB@0.3=155  (602.0s)

=== k128_knn16 ===
[top_tagging_canonical] top_tagging_constituents(k=128,norm=global,split=canonical) | features=4 classes=2 | train=100000 val=403000 test=404000
[top_tagging_canonical] so3c_message_set (equivariant_set) | train ...
   val_acc=0.905  test_acc=0.906 auc=0.969 1/eB@0.3=207  (191.1s)

row            params       K  epochs      AUC   rej@0.3  s/epoch
beams (ref)     15038      32      20  0.98088     767.7      115
c8 (ref)        22834      32      20  0.98128     834.4      146
c16             45146      32      20  0.98111     810.9      223
k128_dense      21658     128       1  0.96722     154.8      602
k128_knn16      21658     128       1  0.96897     206.7      191

K=128 on 100k jets: dense 602 s/epoch, kNN(16) 191 s/epoch, 3.15x
full 1.211M train, 30 epochs: dense 60.8 h, kNN 19.3 h
(K=64 with beams and channels 8 was 1272 s/epoch, 10.6 h)
/usr/local/lib/python3.12/dist-packages/mistune.py:435: SyntaxWarning: invalid escape sequence '\|'
  cells[i][c] = re.sub('\\\\\|', '|', cell)
/usr/local/lib/python3.12/dist-packages/nbconvert/filters/filter_links.py:36: SyntaxWarning: invalid escape sequence '\_'
  text = re.sub(r'_', '\_', text) # Escape underscores in display text
[NbConvertApp] Converting notebook __notebook__.ipynb to notebook
[NbConvertApp] Writing 219133 bytes to __notebook__.ipynb
[NbConvertApp] Converting notebook __notebook__.ipynb to html
[NbConvertApp] Writing 509368 bytes to __results__.html
