0.00s - Debugger warning: It seems that frozen modules are being used, which may
0.00s - make the debugger miss breakpoints. Please pass -Xfrozen_modules=off
0.00s - to python to disable frozen modules.
0.00s - Note: Debugging will proceed. Set PYDEVD_DISABLE_FILE_VALIDATION=1 to disable this validation.
0.00s - Debugger warning: It seems that frozen modules are being used, which may
0.00s - make the debugger miss breakpoints. Please pass -Xfrozen_modules=off
0.00s - to python to disable frozen modules.
0.00s - Note: Debugging will proceed. Set PYDEVD_DISABLE_FILE_VALIDATION=1 to disable this validation.
Tesla P100-PCIE-16GB, 16384 MiB
['benchmarks', 'so33', 'so3c', 'tests']
/tmp/ipykernel_23/2079586468.py:3: DeprecationWarning: Python 3.14 will, by default, filter extracted tar archives and reject files or modify their metadata. Use the filter argument to control this behavior.
  tarfile.open(fileobj=io.BytesIO(base64.b64decode(CODE_B64)), mode="r:gz").extractall("/kaggle/working/repo")

/tmp/ipykernel_23/2079586468.py:3: DeprecationWarning: Python 3.14 will, by default, filter extracted tar archives and reject files or modify their metadata. Use the filter argument to control this behavior.
  tarfile.open(fileobj=io.BytesIO(base64.b64decode(CODE_B64)), mode="r:gz").extractall("/kaggle/working/repo")
/usr/local/lib/python3.12/dist-packages/torch/cuda/__init__.py:435: UserWarning: 
    Found GPU0 Tesla P100-PCIE-16GB which is of cuda capability 6.0.
    Minimum and Maximum cuda capability supported by this version of PyTorch is
    (7.0) - (12.0)
    
  queued_call()
/usr/local/lib/python3.12/dist-packages/torch/cuda/__init__.py:435: UserWarning: 
    Please install PyTorch with a following CUDA
    configurations:  12.6 following instructions at
    https://pytorch.org/get-started/locally/
    
  queued_call()
/usr/local/lib/python3.12/dist-packages/torch/cuda/__init__.py:435: UserWarning: 
Tesla P100-PCIE-16GB with CUDA capability sm_60 is not compatible with the current PyTorch installation.
The current PyTorch install supports CUDA capabilities sm_70 sm_75 sm_80 sm_86 sm_90 sm_100 sm_120.
If you want to use the Tesla P100-PCIE-16GB GPU with PyTorch, please check the instructions at https://pytorch.org/get-started/locally/

  queued_call()

/usr/local/lib/python3.12/dist-packages/torch/cuda/__init__.py:435: UserWarning: 
    Found GPU0 Tesla P100-PCIE-16GB which is of cuda capability 6.0.
    Minimum and Maximum cuda capability supported by this version of PyTorch is
    (7.0) - (12.0)
    
  queued_call()
/usr/local/lib/python3.12/dist-packages/torch/cuda/__init__.py:435: UserWarning: 
    Please install PyTorch with a following CUDA
    configurations:  12.6 following instructions at
    https://pytorch.org/get-started/locally/
    
  queued_call()
/usr/local/lib/python3.12/dist-packages/torch/cuda/__init__.py:435: UserWarning: 
Tesla P100-PCIE-16GB with CUDA capability sm_60 is not compatible with the current PyTorch installation.
The current PyTorch install supports CUDA capabilities sm_70 sm_75 sm_80 sm_86 sm_90 sm_100 sm_120.
If you want to use the Tesla P100-PCIE-16GB GPU with PyTorch, please check the instructions at https://pytorch.org/get-started/locally/

  queued_call()
torch 2.10.0+cu128 lacks sm_60 - installing a compatible build
pip rc 0 in 157 s
data: /kaggle/input/notebooks/nsanya/so3c-data-prep-k-128/data
=== e35 ===
[top_tagging_canonical] top_tagging_constituents(k=32,norm=global,split=canonical) | features=4 classes=2 | train=400000 val=403000 test=404000
[top_tagging_canonical] so3c_message_set (equivariant_set) | train ...
   val_acc=0.930  test_acc=0.931 auc=0.981 1/eB@0.3=753  (3997.8s)

=== c8 ===
[top_tagging_canonical] top_tagging_constituents(k=32,norm=global,split=canonical) | features=4 classes=2 | train=400000 val=403000 test=404000
[top_tagging_canonical] so3c_message_set (equivariant_set) | train ...
   val_acc=0.930  test_acc=0.931 auc=0.981 1/eB@0.3=834  (2912.1s)

=== lr6 ===
[top_tagging_canonical] top_tagging_constituents(k=32,norm=global,split=canonical) | features=4 classes=2 | train=400000 val=403000 test=404000
[top_tagging_canonical] so3c_message_set (equivariant_set) | train ...
   val_acc=0.929  test_acc=0.930 auc=0.981 1/eB@0.3=729  (2268.5s)

=== reg ===
[top_tagging_canonical] top_tagging_constituents(k=32,norm=global,split=canonical) | features=4 classes=2 | train=400000 val=403000 test=404000
[top_tagging_canonical] so3c_message_set (equivariant_set) | train ...
   val_acc=0.928  test_acc=0.929 auc=0.980 1/eB@0.3=635  (2277.3s)

row        params  epochs      AUC   rej@0.3   rej@0.5   hours
anchor      13862      20  0.97860     585.0         -    0.58
beams       15038      20  0.98088     767.7     207.7    0.64
e35         15038      35  0.98103     753.4     211.0    1.11
c8          22834      20  0.98128     834.4     225.9    0.81
lr6         15038      20  0.98059     728.9     209.2    0.63
reg         15038      20  0.97977     634.9     195.3    0.63

best row c8: +0.00040 AUC and +66.7 rejection against beams alone
/usr/local/lib/python3.12/dist-packages/mistune.py:435: SyntaxWarning: invalid escape sequence '\|'
  cells[i][c] = re.sub('\\\\\|', '|', cell)
/usr/local/lib/python3.12/dist-packages/nbconvert/filters/filter_links.py:36: SyntaxWarning: invalid escape sequence '\_'
  text = re.sub(r'_', '\_', text) # Escape underscores in display text
[NbConvertApp] Converting notebook __notebook__.ipynb to notebook
[NbConvertApp] Writing 214141 bytes to __notebook__.ipynb
[NbConvertApp] Converting notebook __notebook__.ipynb to html
[NbConvertApp] Writing 502386 bytes to __results__.html
