0.00s - Debugger warning: It seems that frozen modules are being used, which may
0.00s - make the debugger miss breakpoints. Please pass -Xfrozen_modules=off
0.00s - to python to disable frozen modules.
0.00s - Note: Debugging will proceed. Set PYDEVD_DISABLE_FILE_VALIDATION=1 to disable this validation.
0.00s - Debugger warning: It seems that frozen modules are being used, which may
0.00s - make the debugger miss breakpoints. Please pass -Xfrozen_modules=off
0.00s - to python to disable frozen modules.
0.00s - Note: Debugging will proceed. Set PYDEVD_DISABLE_FILE_VALIDATION=1 to disable this validation.
Tesla P100-PCIE-16GB, 16384 MiB
['benchmarks', 'so33', 'so3c', 'tests']
/tmp/ipykernel_22/519028893.py:3: DeprecationWarning: Python 3.14 will, by default, filter extracted tar archives and reject files or modify their metadata. Use the filter argument to control this behavior.
  tarfile.open(fileobj=io.BytesIO(base64.b64decode(CODE_B64)), mode="r:gz").extractall("/kaggle/working/repo")

/tmp/ipykernel_22/519028893.py:3: DeprecationWarning: Python 3.14 will, by default, filter extracted tar archives and reject files or modify their metadata. Use the filter argument to control this behavior.
  tarfile.open(fileobj=io.BytesIO(base64.b64decode(CODE_B64)), mode="r:gz").extractall("/kaggle/working/repo")
/usr/local/lib/python3.12/dist-packages/torch/cuda/__init__.py:435: UserWarning: 
    Found GPU0 Tesla P100-PCIE-16GB which is of cuda capability 6.0.
    Minimum and Maximum cuda capability supported by this version of PyTorch is
    (7.0) - (12.0)
    
  queued_call()
/usr/local/lib/python3.12/dist-packages/torch/cuda/__init__.py:435: UserWarning: 
    Please install PyTorch with a following CUDA
    configurations:  12.6 following instructions at
    https://pytorch.org/get-started/locally/
    
  queued_call()
/usr/local/lib/python3.12/dist-packages/torch/cuda/__init__.py:435: UserWarning: 
Tesla P100-PCIE-16GB with CUDA capability sm_60 is not compatible with the current PyTorch installation.
The current PyTorch install supports CUDA capabilities sm_70 sm_75 sm_80 sm_86 sm_90 sm_100 sm_120.
If you want to use the Tesla P100-PCIE-16GB GPU with PyTorch, please check the instructions at https://pytorch.org/get-started/locally/

  queued_call()

/usr/local/lib/python3.12/dist-packages/torch/cuda/__init__.py:435: UserWarning: 
    Found GPU0 Tesla P100-PCIE-16GB which is of cuda capability 6.0.
    Minimum and Maximum cuda capability supported by this version of PyTorch is
    (7.0) - (12.0)
    
  queued_call()
/usr/local/lib/python3.12/dist-packages/torch/cuda/__init__.py:435: UserWarning: 
    Please install PyTorch with a following CUDA
    configurations:  12.6 following instructions at
    https://pytorch.org/get-started/locally/
    
  queued_call()
/usr/local/lib/python3.12/dist-packages/torch/cuda/__init__.py:435: UserWarning: 
Tesla P100-PCIE-16GB with CUDA capability sm_60 is not compatible with the current PyTorch installation.
The current PyTorch install supports CUDA capabilities sm_70 sm_75 sm_80 sm_86 sm_90 sm_100 sm_120.
If you want to use the Tesla P100-PCIE-16GB GPU with PyTorch, please check the instructions at https://pytorch.org/get-started/locally/

  queued_call()
torch 2.10.0+cu128 lacks sm_60 - installing a compatible build
pip rc 0 in 154 s
data: /kaggle/input/notebooks/nsanya/so3c-data-prep-k-128/data
[top_tagging_canonical] top_tagging_constituents(k=32,norm=global,split=canonical) | features=4 classes=2 | train=20000 val=403000 test=404000
[top_tagging_canonical] so3c_message_set (equivariant_set) | train ...
   val_acc=0.836  test_acc=0.836 auc=0.896 1/eB@0.3=17  (23.8s)

=== beams ===
[top_tagging_canonical] top_tagging_constituents(k=32,norm=global,split=canonical) | features=4 classes=2 | train=400000 val=403000 test=404000
[top_tagging_canonical] so3c_message_set (equivariant_set) | train ...
   val_acc=0.930  test_acc=0.931 auc=0.981 1/eB@0.3=768  (2306.1s)

=== recipe ===
[top_tagging_canonical] top_tagging_constituents(k=32,norm=global,split=canonical) | features=4 classes=2 | train=400000 val=403000 test=404000
[top_tagging_canonical] so3c_message_set (equivariant_set) | train ...
   val_acc=0.925  test_acc=0.925 auc=0.978 1/eB@0.3=543  (3615.2s)

=== beams_recipe ===
[top_tagging_canonical] top_tagging_constituents(k=32,norm=global,split=canonical) | features=4 classes=2 | train=400000 val=403000 test=404000
[top_tagging_canonical] so3c_message_set (equivariant_set) | train ...
   val_acc=0.929  test_acc=0.930 auc=0.981 1/eB@0.3=701  (4034.0s)

row              params  epochs      AUC   rej@0.3   rej@0.5   hours
anchor            13862      20   0.9786       585         -    0.58
beams             15038      20   0.9809       768       208    0.64
recipe            13862      35   0.9777       543       153    1.00
beams_recipe      15038      35   0.9806       701       209    1.12

recipe rows ran 35 epochs against the anchor's 20: their gain
includes the longer schedule, not only the optimiser.
/usr/local/lib/python3.12/dist-packages/mistune.py:435: SyntaxWarning: invalid escape sequence '\|'
  cells[i][c] = re.sub('\\\\\|', '|', cell)
/usr/local/lib/python3.12/dist-packages/nbconvert/filters/filter_links.py:36: SyntaxWarning: invalid escape sequence '\_'
  text = re.sub(r'_', '\_', text) # Escape underscores in display text
[NbConvertApp] Converting notebook __notebook__.ipynb to notebook
[NbConvertApp] Writing 211772 bytes to __notebook__.ipynb
[NbConvertApp] Converting notebook __notebook__.ipynb to html
[NbConvertApp] Writing 500514 bytes to __results__.html
