0.00s - Debugger warning: It seems that frozen modules are being used, which may
0.00s - make the debugger miss breakpoints. Please pass -Xfrozen_modules=off
0.00s - to python to disable frozen modules.
0.00s - Note: Debugging will proceed. Set PYDEVD_DISABLE_FILE_VALIDATION=1 to disable this validation.
0.00s - Debugger warning: It seems that frozen modules are being used, which may
0.00s - make the debugger miss breakpoints. Please pass -Xfrozen_modules=off
0.00s - to python to disable frozen modules.
0.00s - Note: Debugging will proceed. Set PYDEVD_DISABLE_FILE_VALIDATION=1 to disable this validation.
Tesla P100-PCIE-16GB, 16384 MiB
['benchmarks', 'so33', 'so3c']
/tmp/ipykernel_22/1832341993.py:3: DeprecationWarning: Python 3.14 will, by default, filter extracted tar archives and reject files or modify their metadata. Use the filter argument to control this behavior.
  tarfile.open(fileobj=io.BytesIO(base64.b64decode(CODE_B64)), mode="r:gz").extractall("/kaggle/working/repo")

/tmp/ipykernel_22/1832341993.py:3: DeprecationWarning: Python 3.14 will, by default, filter extracted tar archives and reject files or modify their metadata. Use the filter argument to control this behavior.
  tarfile.open(fileobj=io.BytesIO(base64.b64decode(CODE_B64)), mode="r:gz").extractall("/kaggle/working/repo")
/usr/local/lib/python3.12/dist-packages/torch/cuda/__init__.py:435: UserWarning: 
    Found GPU0 Tesla P100-PCIE-16GB which is of cuda capability 6.0.
    Minimum and Maximum cuda capability supported by this version of PyTorch is
    (7.0) - (12.0)
    
  queued_call()
/usr/local/lib/python3.12/dist-packages/torch/cuda/__init__.py:435: UserWarning: 
    Please install PyTorch with a following CUDA
    configurations:  12.6 following instructions at
    https://pytorch.org/get-started/locally/
    
  queued_call()
/usr/local/lib/python3.12/dist-packages/torch/cuda/__init__.py:435: UserWarning: 
Tesla P100-PCIE-16GB with CUDA capability sm_60 is not compatible with the current PyTorch installation.
The current PyTorch install supports CUDA capabilities sm_70 sm_75 sm_80 sm_86 sm_90 sm_100 sm_120.
If you want to use the Tesla P100-PCIE-16GB GPU with PyTorch, please check the instructions at https://pytorch.org/get-started/locally/

  queued_call()

/usr/local/lib/python3.12/dist-packages/torch/cuda/__init__.py:435: UserWarning: 
    Found GPU0 Tesla P100-PCIE-16GB which is of cuda capability 6.0.
    Minimum and Maximum cuda capability supported by this version of PyTorch is
    (7.0) - (12.0)
    
  queued_call()
/usr/local/lib/python3.12/dist-packages/torch/cuda/__init__.py:435: UserWarning: 
    Please install PyTorch with a following CUDA
    configurations:  12.6 following instructions at
    https://pytorch.org/get-started/locally/
    
  queued_call()
/usr/local/lib/python3.12/dist-packages/torch/cuda/__init__.py:435: UserWarning: 
Tesla P100-PCIE-16GB with CUDA capability sm_60 is not compatible with the current PyTorch installation.
The current PyTorch install supports CUDA capabilities sm_70 sm_75 sm_80 sm_86 sm_90 sm_100 sm_120.
If you want to use the Tesla P100-PCIE-16GB GPU with PyTorch, please check the instructions at https://pytorch.org/get-started/locally/

  queued_call()
torch 2.10.0+cu128 lacks sm_60 - installing a compatible build
pip rc 0 in 173 s
data: /kaggle/input/notebooks/nsanya/so3c-data-prep-k-128/data
=== s0 ===
[top_tagging_canonical] top_tagging_constituents(k=32,norm=global,split=canonical) | features=4 classes=2 | train=400000 val=403000 test=404000
[top_tagging_canonical] so3c_message_set (equivariant_set) | train ...
   val_acc=0.923  test_acc=0.924 auc=0.976 1/eB@0.3=353  (1728.6s)

=== w256 ===
[top_tagging_canonical] top_tagging_constituents(k=32,norm=global,split=canonical) | features=4 classes=2 | train=400000 val=403000 test=404000
[top_tagging_canonical] so3c_message_set (equivariant_set) | train ...
   val_acc=0.926  test_acc=0.927 auc=0.978 1/eB@0.3=589  (2152.5s)

=== d24 ===
[top_tagging_canonical] top_tagging_constituents(k=32,norm=global,split=canonical) | features=4 classes=2 | train=400000 val=403000 test=404000
[top_tagging_canonical] so3c_message_set (equivariant_set) | train ...
   val_acc=0.925  test_acc=0.926 auc=0.978 1/eB@0.3=575  (2127.4s)

=== c8 ===
[top_tagging_canonical] top_tagging_constituents(k=32,norm=global,split=canonical) | features=4 classes=2 | train=400000 val=403000 test=404000
[top_tagging_canonical] so3c_message_set (equivariant_set) | train ...
   val_acc=0.926  test_acc=0.927 auc=0.979 1/eB@0.3=608  (2711.9s)

=== r6 ===
[top_tagging_canonical] top_tagging_constituents(k=32,norm=global,split=canonical) | features=4 classes=2 | train=400000 val=403000 test=404000
[top_tagging_canonical] so3c_message_set (equivariant_set) | train ...
   val_acc=0.925  test_acc=0.926 auc=0.978 1/eB@0.3=520  (3783.4s)

=== c16 ===
[top_tagging_canonical] top_tagging_constituents(k=32,norm=global,split=canonical) | features=4 classes=2 | train=400000 val=403000 test=404000
[top_tagging_canonical] so3c_message_set (equivariant_set) | train ...
   val_acc=0.926  test_acc=0.927 auc=0.979 1/eB@0.3=594  (4196.4s)

tag     config                                   params      AUC   rej@0.3   hours
--      so3c_covariant_set (1 round, no h)         9078   0.9731       266    0.19
anchor  rounds=3 channels=4                       13862   0.9786       585    0.58
s0      --rounds 3 --scalar-dim 0                 10406   0.9761       353    0.48
w256    --rounds 3 --hidden 256                   92774   0.9785       589    0.60
d24     --rounds 3 --scalar-dim 24 --msg-dim 24    20678   0.9781       575    0.59
c8      --rounds 3 --channels 8                   21658   0.9787       608    0.75
r6      --rounds 6                                17762   0.9780       520    1.05
c16     --rounds 3 --channels 16                  43970   0.9786       594    1.17

slope from the 13862-parameter anchor to the best row:
  +0.0001 AUC, +23 rejection, at 1.6x the parameters
PELICAN over 3k -> 208k (70x): +0.0020 AUC, +756 rejection
/usr/local/lib/python3.12/dist-packages/mistune.py:435: SyntaxWarning: invalid escape sequence '\|'
  cells[i][c] = re.sub('\\\\\|', '|', cell)
/usr/local/lib/python3.12/dist-packages/nbconvert/filters/filter_links.py:36: SyntaxWarning: invalid escape sequence '\_'
  text = re.sub(r'_', '\_', text) # Escape underscores in display text
[NbConvertApp] Converting notebook __notebook__.ipynb to notebook
[NbConvertApp] Writing 166818 bytes to __notebook__.ipynb
[NbConvertApp] Converting notebook __notebook__.ipynb to html
[NbConvertApp] Writing 455704 bytes to __results__.html
