0.00s - Debugger warning: It seems that frozen modules are being used, which may
0.00s - make the debugger miss breakpoints. Please pass -Xfrozen_modules=off
0.00s - to python to disable frozen modules.
0.00s - Note: Debugging will proceed. Set PYDEVD_DISABLE_FILE_VALIDATION=1 to disable this validation.
0.00s - Debugger warning: It seems that frozen modules are being used, which may
0.00s - make the debugger miss breakpoints. Please pass -Xfrozen_modules=off
0.00s - to python to disable frozen modules.
0.00s - Note: Debugging will proceed. Set PYDEVD_DISABLE_FILE_VALIDATION=1 to disable this validation.
Tesla P100-PCIE-16GB, 16384 MiB
['benchmarks', 'so33', 'so3c', 'tests']
/tmp/ipykernel_23/2373160445.py:3: DeprecationWarning: Python 3.14 will, by default, filter extracted tar archives and reject files or modify their metadata. Use the filter argument to control this behavior.
  tarfile.open(fileobj=io.BytesIO(base64.b64decode(CODE_B64)), mode="r:gz").extractall("/kaggle/working/repo")

/tmp/ipykernel_23/2373160445.py:3: DeprecationWarning: Python 3.14 will, by default, filter extracted tar archives and reject files or modify their metadata. Use the filter argument to control this behavior.
  tarfile.open(fileobj=io.BytesIO(base64.b64decode(CODE_B64)), mode="r:gz").extractall("/kaggle/working/repo")
/usr/local/lib/python3.12/dist-packages/torch/cuda/__init__.py:435: UserWarning: 
    Found GPU0 Tesla P100-PCIE-16GB which is of cuda capability 6.0.
    Minimum and Maximum cuda capability supported by this version of PyTorch is
    (7.0) - (12.0)
    
  queued_call()
/usr/local/lib/python3.12/dist-packages/torch/cuda/__init__.py:435: UserWarning: 
    Please install PyTorch with a following CUDA
    configurations:  12.6 following instructions at
    https://pytorch.org/get-started/locally/
    
  queued_call()
/usr/local/lib/python3.12/dist-packages/torch/cuda/__init__.py:435: UserWarning: 
Tesla P100-PCIE-16GB with CUDA capability sm_60 is not compatible with the current PyTorch installation.
The current PyTorch install supports CUDA capabilities sm_70 sm_75 sm_80 sm_86 sm_90 sm_100 sm_120.
If you want to use the Tesla P100-PCIE-16GB GPU with PyTorch, please check the instructions at https://pytorch.org/get-started/locally/

  queued_call()

/usr/local/lib/python3.12/dist-packages/torch/cuda/__init__.py:435: UserWarning: 
    Found GPU0 Tesla P100-PCIE-16GB which is of cuda capability 6.0.
    Minimum and Maximum cuda capability supported by this version of PyTorch is
    (7.0) - (12.0)
    
  queued_call()
/usr/local/lib/python3.12/dist-packages/torch/cuda/__init__.py:435: UserWarning: 
    Please install PyTorch with a following CUDA
    configurations:  12.6 following instructions at
    https://pytorch.org/get-started/locally/
    
  queued_call()
/usr/local/lib/python3.12/dist-packages/torch/cuda/__init__.py:435: UserWarning: 
Tesla P100-PCIE-16GB with CUDA capability sm_60 is not compatible with the current PyTorch installation.
The current PyTorch install supports CUDA capabilities sm_70 sm_75 sm_80 sm_86 sm_90 sm_100 sm_120.
If you want to use the Tesla P100-PCIE-16GB GPU with PyTorch, please check the instructions at https://pytorch.org/get-started/locally/

  queued_call()
torch 2.10.0+cu128 lacks sm_60 - installing a compatible build
pip rc 0 in 168 s
seed 0: /kaggle/input/notebooks/nsanya/so3c-message-k64-seed0/checkpoints/top_tagging_canonical__so3c_message_set__seed0.pt (230138 bytes)
seed 1: /kaggle/input/notebooks/nsanya/so3c-message-k64-seed1/checkpoints/top_tagging_canonical__so3c_message_set__seed1.pt (230138 bytes)
data: /kaggle/input/notebooks/nsanya/so3c-data-prep-k-128/data
.                                                                        [100%]
1 passed, 14 deselected in 5.59s


=== seed 0 ===
[top_tagging_canonical] top_tagging_constituents(k=64,norm=global,split=canonical) | features=4 classes=2 | train=1211000 val=403000 test=404000
[top_tagging_canonical] so3c_message_set (equivariant_set) | train ...
[train] resumed from top_tagging_canonical__so3c_message_set__seed0.pt at epoch 29
   val_acc=0.929  test_acc=0.930 auc=0.981 1/eB@0.3=889  (27891.4s)

seed 0: this session took 33.7 min
=== seed 1 ===
[top_tagging_canonical] top_tagging_constituents(k=64,norm=global,split=canonical) | features=4 classes=2 | train=1211000 val=403000 test=404000
[top_tagging_canonical] so3c_message_set (equivariant_set) | train ...
[train] resumed from top_tagging_canonical__so3c_message_set__seed1.pt at epoch 29
   val_acc=0.929  test_acc=0.930 auc=0.981 1/eB@0.3=811  (27931.4s)

seed 1: this session took 33.4 min
seed    epochs       AUC   rej@0.3    AUC@28      rej@28   hours
0           30   0.98077     889.5   0.98074       893.4    7.75
1           30   0.98068     810.9   0.98065       817.5    7.76
/usr/local/lib/python3.12/dist-packages/mistune.py:435: SyntaxWarning: invalid escape sequence '\|'
  cells[i][c] = re.sub('\\\\\|', '|', cell)
/usr/local/lib/python3.12/dist-packages/nbconvert/filters/filter_links.py:36: SyntaxWarning: invalid escape sequence '\_'
  text = re.sub(r'_', '\_', text) # Escape underscores in display text
[NbConvertApp] Converting notebook __notebook__.ipynb to notebook
[NbConvertApp] Writing 201209 bytes to __notebook__.ipynb
[NbConvertApp] Converting notebook __notebook__.ipynb to html
[NbConvertApp] Writing 491935 bytes to __results__.html
